.next/types/app/api/auth/[...nextauth]/route.ts(8,13): error TS2344: Type 'OmitWithTag<typeof import("C:/Users/HP/Desktop/mindful-ai/app/api/auth/[...nextauth]/route"), "POST" | "GET" | "DELETE" | "HEAD" | "OPTIONS" | "PUT" | "PATCH" | "config" | "generateStaticParams" | ... 6 more ... | "maxDuration", "">' does not satisfy the constraint '{ [x: string]: never; }'.
  Property 'authOptions' is incompatible with index signature.
    Type 'AuthOptions' is not assignable to type 'never'.
app/(dashboard)/music/page.tsx(59,56): error TS7006: Parameter 'track' implicitly has an 'any' type.
app/(dashboard)/music/page.tsx(66,50): error TS7006: Parameter 'playlist' implicitly has an 'any' type.
app/api/analytics/summaries/route.ts(3,29): error TS2307: Cannot find module '../../../auth/[...nextauth]/route' or its corresponding type declarations.
app/api/analytics/summaries/route.ts(4,10): error TS2305: Module '"@/lib/supabase"' has no exported member 'supabase'.
app/api/analytics/summaries/route.ts(73,53): error TS7006: Parameter 'sum' implicitly has an 'any' type.
app/api/analytics/summaries/route.ts(73,58): error TS7006: Parameter 'day' implicitly has an 'any' type.
app/api/analytics/summaries/route.ts(74,48): error TS7006: Parameter 'sum' implicitly has an 'any' type.
app/api/analytics/summaries/route.ts(74,53): error TS7006: Parameter 'day' implicitly has an 'any' type.
app/api/analytics/summaries/route.ts(77,13): error TS7006: Parameter 'day' implicitly has an 'any' type.
app/api/analytics/summaries/route.ts(78,10): error TS7006: Parameter 'day' implicitly has an 'any' type.
app/api/analytics/summaries/route.ts(81,26): error TS7006: Parameter 'sum' implicitly has an 'any' type.
app/api/analytics/summaries/route.ts(81,31): error TS7006: Parameter 'score' implicitly has an 'any' type.
app/api/analytics/summaries/route.ts(89,29): error TS7006: Parameter 'sum' implicitly has an 'any' type.
app/api/analytics/summaries/route.ts(89,34): error TS7006: Parameter 'score' implicitly has an 'any' type.
app/api/analytics/summaries/route.ts(92,30): error TS7006: Parameter 'sum' implicitly has an 'any' type.
app/api/analytics/summaries/route.ts(92,35): error TS7006: Parameter 'score' implicitly has an 'any' type.
app/api/analytics/summaries/route.ts(98,44): error TS7006: Parameter 'day' implicitly has an 'any' type.
app/api/analytics/summaries/route.ts(100,21): error TS7006: Parameter 'topic' implicitly has an 'any' type.
app/api/analytics/summaries/route.ts(153,48): error TS7006: Parameter 'sum' implicitly has an 'any' type.
app/api/analytics/summaries/route.ts(153,53): error TS7006: Parameter 'day' implicitly has an 'any' type.
app/api/analytics/summaries/route.ts(156,13): error TS7006: Parameter 'day' implicitly has an 'any' type.
app/api/analytics/summaries/route.ts(157,10): error TS7006: Parameter 'day' implicitly has an 'any' type.
app/api/analytics/summaries/route.ts(164,29): error TS7006: Parameter 'sum' implicitly has an 'any' type.
app/api/analytics/summaries/route.ts(164,34): error TS7006: Parameter 'score' implicitly has an 'any' type.
app/api/analytics/summaries/route.ts(167,28): error TS7006: Parameter 'sum' implicitly has an 'any' type.
app/api/analytics/summaries/route.ts(167,33): error TS7006: Parameter 'score' implicitly has an 'any' type.
app/api/analytics/summaries/route.ts(181,51): error TS7006: Parameter 'day' implicitly has an 'any' type.
app/api/chat/route.ts(5,10): error TS2305: Module '"@/lib/supabase"' has no exported member 'supabase'.
app/api/daily-summary/route.ts(4,10): error TS2305: Module '"@/lib/supabase"' has no exported member 'supabase'.
app/api/daily-summary/route.ts(88,45): error TS7006: Parameter 'c' implicitly has an 'any' type.
app/api/daily-summary/route.ts(114,41): error TS7006: Parameter 'm' implicitly has an 'any' type.
app/api/daily-summary/route.ts(121,10): error TS7006: Parameter 'm' implicitly has an 'any' type.
app/api/daily-summary/route.ts(133,24): error TS7006: Parameter 'sum' implicitly has an 'any' type.
app/api/daily-summary/route.ts(133,29): error TS7006: Parameter 'log' implicitly has an 'any' type.
app/api/mood/history/route.ts(4,10): error TS2305: Module '"@/lib/supabase"' has no exported member 'supabase'.
app/api/mood/history/route.ts(36,22): error TS7006: Parameter 'sum' implicitly has an 'any' type.
app/api/mood/history/route.ts(36,27): error TS7006: Parameter 'log' implicitly has an 'any' type.
app/api/mood/history/route.ts(40,18): error TS7006: Parameter 'log' implicitly has an 'any' type.
app/api/mood/log/route.ts(4,10): error TS2305: Module '"@/lib/supabase"' has no exported member 'supabase'.
app/api/music/session/route.ts(4,10): error TS2305: Module '"@/lib/supabase"' has no exported member 'supabase'.
app/api/voice/conversation/route.ts(6,10): error TS2305: Module '"@/lib/supabase"' has no exported member 'supabase'.
app/api/voice/tone-analysis/route.ts(4,10): error TS2305: Module '"@/lib/supabase"' has no exported member 'supabase'.
app/api/weekly-summary/route.ts(4,10): error TS2305: Module '"@/lib/supabase"' has no exported member 'supabase'.
components/accessibility/haptic-breathing.tsx(59,26): error TS2454: Variable 'timeout' is used before being assigned.
components/chat/chat-interface.tsx(352,13): error TS2322: Type '"destructive" | "secondary"' is not assignable to type '"default" | "outline" | "ghost" | "destructive" | undefined'.
  Type '"secondary"' is not assignable to type '"default" | "outline" | "ghost" | "destructive" | undefined'.
components/chat/chat-interface.tsx(364,13): error TS2322: Type '"secondary"' is not assignable to type '"default" | "outline" | "ghost" | "destructive" | undefined'.
components/chat/music-generator-inline.tsx(66,19): error TS2304: Cannot find name 'duration'.
hooks/use-mood.ts(6,10): error TS2305: Module '"@/types/database"' has no exported member 'MoodEntry'.
lib/db-helpers.ts(2,10): error TS2305: Module '"./supabase"' has no exported member 'supabase'.
lib/spotify.ts(64,25): error TS7006: Parameter 'item' implicitly has an 'any' type.
lib/spotify.ts(129,26): error TS7006: Parameter 'track' implicitly has an 'any' type.
lib/spotify.ts(158,10): error TS7053: Element implicitly has an 'any' type because expression of type 'string' can't be used to index type '{ calm: { name: string; artist: string; id: string; external_urls: { spotify: string; }; }[]; happy: { name: string; artist: string; id: string; external_urls: { spotify: string; }; }[]; energetic: { name: string; artist: string; id: string; external_urls: { ...; }; }[]; }'.
  No index signature with a parameter of type 'string' was found on type '{ calm: { name: string; artist: string; id: string; external_urls: { spotify: string; }; }[]; happy: { name: string; artist: string; id: string; external_urls: { spotify: string; }; }[]; energetic: { name: string; artist: string; id: string; external_urls: { ...; }; }[]; }'.
